parser Three = 
| Three_0_0 
;

parser Three_0_0 {List.rev x} :(_ list) = 
| ~ # {[]} :(_ list)
| Three_0_0 Three_0_0_0 # {let x = $2 in (x)::$1} :('t2 list)
;

parser Three_0_0_0 = 
| Three_0_0_0_0_0 
| Three_0_0_0_1_0 
;

lexer Three_0_0_0_0_0 = 
| "one" 
;

lexer Three_0_0_0_1_0 = 
| "two" 
;

parser Four = 
| Four_0_0 
;

parser Four_0_0 {List.rev x} :(_ list) = 
| ~ # {[]} :(_ list)
| Four_0_0 Four_0_0_0 # {let x = $2 in (x)::$1} :('t2 list)
;

parser Four_0_0_0 {List.rev x} :(_ list) = 
| ~ # {[]} :(_ list)
| Four_0_0_0 Four_0_0_0_0 # {let x = $2 in (x)::$1} :('t2 list)
;

parser Four_0_0_0_0 {List.rev x} :(_ list) = 
| ~ # {[]} :(_ list)
| Four_0_0_0_0 Four_0_0_0_0_0 # {let x = $2 in (x)::$1} :('t2 list)
;

parser Four_0_0_0_0_0 = 
| Four_0_0_0_0_0_0_0 
| Four_0_0_0_0_0_1_0 
;

lexer Four_0_0_0_0_0_0_0 = 
| "one" 
;

lexer Four_0_0_0_0_0_1_0 = 
| "two" 
;

parser Five = 
| Five_0_0 
;

parser Five_0_0 = 
| Five_0_0_0_0 
;

lexer Five_0_0_0_0 = 
| "one" 
;

parser Six = 
| Six_0_0 
;

parser Six_0_0 = 
| Six_0_0_0_0 
;

parser Six_0_0_0_0 = 
| Six_0_0_0_0_0_0 
;

lexer Six_0_0_0_0_0_0 = 
| "one" 
;

parser Seven = 
| Seven_0_0 
;

parser Seven_0_0 = 
| Seven_0_0_0_0 
| Seven_0_0_1_0 
| Seven_0_0_2_0 
;

parser Seven_0_0_0_0 = 
| Seven_0_0_0_0_0_0 
;

lexer Seven_0_0_0_0_0_0 = 
| "one" 
;

lexer Seven_0_0_1_0 = 
| "two" 
;

parser Seven_0_0_2_0 = 
| Seven_0_0_2_0_0_0 
;

lexer Seven_0_0_2_0_0_0 = 
| "three" 
;

parser Eight = 
| Eight_0_0 
;

parser Eight_0_0 = 
| Eight_0_0_0_0 
| Eight_0_0_1_0 
| Eight_0_0_2_0 
;

parser Eight_0_0_0_0 {List.rev x} :(_ list) = 
| ~ # {[]} :(_ list)
| Eight_0_0_0_0 Eight_0_0_0_0_0 # {let x = $2 in (x)::$1} :('t2 list)
;

parser Eight_0_0_0_0_0 = 
| Eight_0_0_0_0_0_0_0 
;

lexer Eight_0_0_0_0_0_0_0 = 
| "one" 
;

parser Eight_0_0_1_0 :(_ option) = 
| ~ # {None} :(_ option)
| Eight_0_0_1_0_0 # {Some($1)} :('t1 option)
;

lexer Eight_0_0_1_0_0 = 
| "two" 
;

parser Eight_0_0_2_0 {List.rev x} :(_ list) = 
| Eight_0_0_2_0_0 # {[$1]} :(_ list)
| Eight_0_0_2_0 Eight_0_0_2_0_0 # {let x = $2 in (x)::$1} :('t2 list)
;

parser Eight_0_0_2_0_0 = 
| Eight_0_0_2_0_0_0_0 
;

lexer Eight_0_0_2_0_0_0_0 = 
| "three" 
;

parser Nine = 
| Nine_0_0 
;

parser Nine_0_0 = 
| Nine_0_0_0_0 
| Nine_0_0_1_0 
| Nine_0_0_2_0 
;

parser Nine_0_0_0_0 {List.rev x} :(_ list) = 
| ~ # {[]} :(_ list)
| Nine_0_0_0_0 Nine_0_0_0_0_0 # {let x = $2 in (x)::$1} :('t2 list)
;

parser Nine_0_0_0_0_0 = 
| Nine_0_0_0_0_0_0_0 
| Nine_0_0_0_0_0_1_0 Nine_0_0_0_0_0_1_1 
;

lexer Nine_0_0_0_0_0_0_0 = 
| "one" 
;

parser Nine_0_0_0_0_0_1_0 {List.rev x} :(_ list) = 
| Nine_0_0_0_0_0_1_0_0 # {[$1]} :(_ list)
| Nine_0_0_0_0_0_1_0 Nine_0_0_0_0_0_1_0_0 # {let x = $2 in (x)::$1} :('t2 list)
;

lexer Nine_0_0_0_0_0_1_0_0 = 
| "four" 
;

lexer Nine_0_0_0_0_0_1_1 = 
| "five" 
;

parser Nine_0_0_1_0 :(_ option) = 
| ~ # {None} :(_ option)
| Nine_0_0_1_0_0 # {Some($1)} :('t1 option)
;

lexer Nine_0_0_1_0_0 = 
| "two" 
;

parser Nine_0_0_2_0 {List.rev x} :(_ list) = 
| Nine_0_0_2_0_0 # {[$1]} :(_ list)
| Nine_0_0_2_0 Nine_0_0_2_0_0 # {let x = $2 in (x)::$1} :('t2 list)
;

parser Nine_0_0_2_0_0 = 
| Nine_0_0_2_0_0_0_0 
;

lexer Nine_0_0_2_0_0_0_0 = 
| "three" 
;