parser Foo = 
| Foo_0_0 
;

parser Foo_0_0 :(_ option) = 
| ~ # {None} :(_ option)
| Foo_0_0_0 # {Some($1)} :('t1 option)
;

parser Foo_0_0_0 {List.rev x} :(_ list) = 
| Foo_0_0_0_0 # {[$1]} :(_ list)
| Foo_0_0_0 Foo_0_0_0_0 # {let x = $2 in (x)::$1} :('t2 list)
;

parser Foo_0_0_0_0 {List.rev x} :(_ list) = 
| ~ # {[]} :(_ list)
| Foo_0_0_0_0 Foo_0_0_0_0_0 # {let x = $2 in (x)::$1} :('t2 list)
;

lexer Foo_0_0_0_0_0 = 
| "one" 
;

parser Bar = 
| Bar_0_0 Bar_0_1 Bar_0_2 
;

parser Bar_0_0 :(_ option) = 
| ~ # {None} :(_ option)
| Bar_0_0_0 # {Some($1)} :('t1 option)
;

parser Bar_0_0_0 {List.rev x} :(_ list) = 
| Bar_0_0_0_0 # {[$1]} :(_ list)
| Bar_0_0_0 Bar_0_0_0_0 # {let x = $2 in (x)::$1} :('t2 list)
;

parser Bar_0_0_0_0 {List.rev x} :(_ list) = 
| ~ # {[]} :(_ list)
| Bar_0_0_0_0 Bar_0_0_0_0_0 # {let x = $2 in (x)::$1} :('t2 list)
;

lexer Bar_0_0_0_0_0 = 
| "one" 
;

lexer Bar_0_1 = 
| "two" 
;

lexer Bar_0_2 = 
| "three" 
;

parser Baz = 
| Baz_0_0 Baz_0_1 Baz_0_2 
;

parser Baz_0_0 :(_ option) = 
| ~ # {None} :(_ option)
| Baz_0_0_0 # {Some($1)} :('t1 option)
;

parser Baz_0_0_0 {List.rev x} :(_ list) = 
| Baz_0_0_0_0 # {[$1]} :(_ list)
| Baz_0_0_0 Baz_0_0_0_0 # {let x = $2 in (x)::$1} :('t2 list)
;

parser Baz_0_0_0_0 {List.rev x} :(_ list) = 
| ~ # {[]} :(_ list)
| Baz_0_0_0_0 Baz_0_0_0_0_0 # {let x = $2 in (x)::$1} :('t2 list)
;

lexer Baz_0_0_0_0_0 = 
| "one" 
;

parser Baz_0_1 {List.rev x} :(_ list) = 
| ~ # {[]} :(_ list)
| Baz_0_1 Baz_0_1_0 # {let x = $2 in (x)::$1} :('t2 list)
;

parser Baz_0_1_0 {List.rev x} :(_ list) = 
| Baz_0_1_0_0 # {[$1]} :(_ list)
| Baz_0_1_0 Baz_0_1_0_0 # {let x = $2 in (x)::$1} :('t2 list)
;

lexer Baz_0_1_0_0 = 
| "two" 
;

lexer Baz_0_2 = 
| "three" 
;