parser One = 
| One_0_0 One_0_1 Two One_0_3 
;

lexer One_0_0 = 
| "one" 
;

lexer One_0_1 = 
| "two" 
;

parser Two = 
| Two_0_0 
;

lexer Two_0_0 = 
| "four" 
;

lexer One_0_3 = 
| "three" 
;

parser Three = 
| TheInt 
| TheBool 
| TheString 
;

parser TheInt = 
| TheInt_0_0 
;

lexer TheInt_0_0 = 
| "four" 
;

parser TheBool = 
| TheBool_0_0 
;

lexer TheBool_0_0 = 
| "five" 
;

parser TheString = 
| TheString_0_0 
;

lexer TheString_0_0 = 
| "six" 
;

parser Four = 
| Four_0_0 
| Four_1_0 
| Four_2_0 
;

parser Four_0_0 {List.rev x} :(_ list) = 
| ~ # {[]} :(_ list)
| Four_0_0 TheInt2 # {let x = $2 in (x)::$1} :('t2 list)
;

parser TheInt2 = 
| TheInt2_0_0 
;

lexer TheInt2_0_0 = 
| "four" 
;

parser Four_1_0 {List.rev x} :(_ list) = 
| TheBool2 # {[$1]} :(_ list)
| Four_1_0 TheBool2 # {let x = $2 in (x)::$1} :('t2 list)
;

parser TheBool2 = 
| TheBool2_0_0 
;

lexer TheBool2_0_0 = 
| "five" 
;

parser Four_2_0 :(_ option) = 
| ~ # {None} :(_ option)
| TheString2 # {Some($1)} :('t1 option)
;

parser TheString2 = 
| TheString2_0_0 
;

lexer TheString2_0_0 = 
| "six" 
;