parser One = 
| One_0_0 
;

parser One_0_0 = 
| One_0_0_0 # :int
;

lexer One_0_0_0 = 
| "one" 
;

parser Two = 
| Two_0_0 Two_0_1 
;

parser Two_0_0 = 
| Two_0_0_0 # :int
;

lexer Two_0_0_0 = 
| "one" 
;

parser Two_0_1 = 
| Two_0_1_0 # :string
;

lexer Two_0_1_0 = 
| "two" 
;

parser Three = 
| Three_0_0 Three_0_1 
;

parser Three_0_0 = 
| Three_0_0_0 # {code1}
;

parser Three_0_0_0 = 
| Three_0_0_0_0 # :int
;

lexer Three_0_0_0_0 = 
| "one" 
;

parser Three_0_1 = 
| Three_0_1_0 # {code2}
;

parser Three_0_1_0 = 
| Three_0_1_0_0 # :string
;

lexer Three_0_1_0_0 = 
| "two" 
;

parser Four = 
| Four_0_0 Four_0_1 
;

parser Four_0_0 = 
| Four_0_0_0 # {code1} :int
;

lexer Four_0_0_0 = 
| "one" 
;

parser Four_0_1 = 
| Four_0_1_0 # {code2} :string
;

lexer Four_0_1_0 = 
| "two" 
;

parser Five = 
| Five_0_0 Five_0_1 
;

parser Five_0_0 = 
| Five_0_0_0 # {code1} :int
;

lexer Five_0_0_0 @option:=123 @option2:=124 = 
| "one" 
;

parser Five_0_1 = 
| Five_0_1_0 # {code2} :string
;

lexer Five_0_1_0 @option3:=125 = 
| "two" 
;

parser Six = 
| Six_0_0 Six_0_1 
;

parser Six_0_0 = 
| Six_0_0_0 # {code2} :int
;

parser Six_0_0_0 = 
| Six_0_0_0_0 # {code1}
;

lexer Six_0_0_0_0 @option:=123 @option2:=124 = 
| "one" 
;

parser Six_0_1 = 
| Six_0_1_0 # :char
;

parser Six_0_1_0 = 
| Six_0_1_0_0 # :string
;

parser Six_0_1_0_0 = 
| Six_0_1_0_0_0 # :char
;

lexer Six_0_1_0_0_0 = 
| "two" 
;

parser Seven = 
| Seven_0_0 Seven_0_1 
;

parser Seven_0_0 = 
| Seven_0_0_0 # :int
;

lexer Seven_0_0_0 = 
| "one" 
;

lexer Seven_0_1 @option3:=125 = 
| "two" 
;

parser Eight = 
| Eight_0_0 Eight_0_1 
;

parser Eight_0_0 = 
| Eight_0_0_0 # :string
;

parser Eight_0_0_0 = 
| Eight_0_0_0_0 # :char
;

parser Eight_0_0_0_0 = 
| Eight_0_0_0_0_0 # :string
;

lexer Eight_0_0_0_0_0 = 
| "one" 
;

parser Eight_0_1 = 
| Eight_0_1_0 # {code3}
;

parser Eight_0_1_0 = 
| Eight_0_1_0_0 # {code2}
;

parser Eight_0_1_0_0 = 
| Eight_0_1_0_0_0 # {code1}
;

lexer Eight_0_1_0_0_0 = 
| "two" 
;

parser Nine = 
| Nine_0_0 Nine_0_1 
;

parser Nine_0_0 = 
| Seven # {code1} :int
;

parser Nine_0_1 = 
| Nine_0_1_0 # {code1}
;

parser Nine_0_1_0 = 
| Eight # :'t1
;